"blank"					"=========================="
"blank"					"SPECIAL:"
"blank"					"=========================="
"thirdperson"				"Third/First Person View"
"+voicerecord"				"Use voice communication"
"blank"					"=========================="
"blank"					"PLAYER MOVEMENT:"
"blank"					"=========================="
"+alt1"					"Stunt button" 
"+use"					"use/pickup weapons/use powerups(press twice)"
"usepowerup"				"use powerups(optional)"
"+forward"				"move forward"
"+back"					"move back"
"+left"					"turn left"
"+right"				"turn right"
"+moveleft"				"strafe left"
"+moveright"			"strafe right"
"+jump"					"jump"
"+duck"					"crouch"
"+moveup"				"swim up"
"+movedown"				"swim down"
"+speed"             "walk"
"+lookup"				"look up"
"+lookdown"				"look down"
"centerview"			"look forward"
"+strafe"				"strafe"
"+mlook"				"mouse look"
"+klook"				"keyboard look"
"blank"					"=========================="
"blank"					"WEAPON HANDLING:"
"blank"					"=========================="
"+attack"				"primary attack"
"+attack2"				"secondary attack"
"+alt2"					"alternate attack"
"+reload"				"reload"
"firemode"                  		"Fire Selection"
"useitems"				"Use weapon items"
"drop"					"Drop current weapon"
"lastinv"				"Select Last Weapon"
"invnext"				"Next Weapon"
"invprev"				"Previous Weapon"
"blank"					"=========================="
"blank"					"MENU:"
"blank"					"=========================="
"buy"					"Buy menu"
"changeteam"				"Change team"
"slot10"				"select slot 0"
"slot1"				"select slot 1"
"slot2"				"select slot 2"
"slot3" 				"select slot 3"
"slot4"				"select slot 4"
"slot5"				"select slot 5"
"slot6"				"select slot 6"
"slot7"					"select slot 7"
"slot8"					"select slot 8"
"slot9"					"select slot 9"
"blank"					"=========================="
"blank"					"OTHERS:"
"blank"					"=========================="
"impulse 201"			"spray logo"
"+showscores"			"Display multiplayer scores"
"messagemode"			"chat message"
"messagemode2"			"Team chat message"
"snapshot"				"screenshot"
"save quick"			"Quick save"
"load quick"			"Quick load"
"quit"					"Quit game"